// Jest Snapshot v1, https://goo.gl/fbAQLP

exports[`Home component Matches snapshot 1`] = `
<h1>
  My React App
</h1>
`;
